09:18:20.133 [INFO ] W.l.GenLog - Time: 0s, User: 14311
09:18:32.036 [DEBUG] W.l.GenLog - Time: 12s, User: 14300
09:18:44.056 [DEBUG] W.l.GenLog - Time: 24s, User: 14247
09:18:56.058 [DEBUG] W.l.GenLog - Time: 36s, User: 14307
09:19:08.037 [DEBUG] W.l.GenLog - Time: 48s, User: 14359
09:19:20.027 [DEBUG] W.l.GenLog - Time: 60s, User: 14429
09:19:32.070 [DEBUG] W.l.GenLog - Time: 72s, User: 14469
09:19:44.044 [DEBUG] W.l.GenLog - Time: 84s, User: 14500
09:19:56.031 [DEBUG] W.l.GenLog - Time: 96s, User: 14604
09:20:08.086 [DEBUG] W.l.GenLog - Time: 108s, User: 14468
09:20:20.097 [DEBUG] W.l.GenLog - Time: 120s, User: 14416
09:20:32.028 [DEBUG] W.l.GenLog - Time: 132s, User: 14444
09:20:44.049 [DEBUG] W.l.GenLog - Time: 144s, User: 14396
09:21:06.443 [INFO ] W.l.GenLog - Time: 0s, User: 14387
09:21:18.405 [DEBUG] W.l.GenLog - Time: 12s, User: 14328
09:21:30.466 [DEBUG] W.l.GenLog - Time: 24s, User: 14299
09:21:42.378 [DEBUG] W.l.GenLog - Time: 36s, User: 14302
09:21:54.410 [DEBUG] W.l.GenLog - Time: 48s, User: 14281
09:22:06.399 [DEBUG] W.l.GenLog - Time: 60s, User: 14418
09:22:18.387 [DEBUG] W.l.GenLog - Time: 72s, User: 14432
09:22:30.455 [DEBUG] W.l.GenLog - Time: 84s, User: 14537
09:22:42.415 [DEBUG] W.l.GenLog - Time: 96s, User: 14351
09:22:54.395 [DEBUG] W.l.GenLog - Time: 108s, User: 14349
09:23:06.382 [DEBUG] W.l.GenLog - Time: 120s, User: 14365
09:23:18.388 [DEBUG] W.l.GenLog - Time: 132s, User: 14398
09:23:30.416 [DEBUG] W.l.GenLog - Time: 144s, User: 14366
09:23:42.381 [DEBUG] W.l.GenLog - Time: 156s, User: 14291
09:23:55.278 [DEBUG] W.l.GenLog - Time: 168s, User: 14213
09:24:06.395 [DEBUG] W.l.GenLog - Time: 180s, User: 14297
09:24:18.457 [DEBUG] W.l.GenLog - Time: 192s, User: 14415
09:24:30.393 [DEBUG] W.l.GenLog - Time: 204s, User: 14357
09:24:42.426 [DEBUG] W.l.GenLog - Time: 216s, User: 14324
09:24:54.376 [DEBUG] W.l.GenLog - Time: 228s, User: 14493
09:25:06.414 [DEBUG] W.l.GenLog - Time: 240s, User: 14390
09:25:18.415 [DEBUG] W.l.GenLog - Time: 252s, User: 14301
09:25:30.378 [DEBUG] W.l.GenLog - Time: 264s, User: 14355
09:25:42.405 [DEBUG] W.l.GenLog - Time: 276s, User: 14256
09:25:54.404 [DEBUG] W.l.GenLog - Time: 288s, User: 14260
09:26:06.383 [DEBUG] W.l.GenLog - Time: 300s, User: 14226
09:26:18.409 [DEBUG] W.l.GenLog - Time: 312s, User: 14203
09:26:30.410 [DEBUG] W.l.GenLog - Time: 324s, User: 14154
09:26:42.382 [DEBUG] W.l.GenLog - Time: 336s, User: 14171
09:26:54.376 [DEBUG] W.l.GenLog - Time: 348s, User: 14163
09:27:06.467 [DEBUG] W.l.GenLog - Time: 360s, User: 14107
09:27:18.420 [DEBUG] W.l.GenLog - Time: 372s, User: 14060
09:27:30.383 [DEBUG] W.l.GenLog - Time: 384s, User: 14222
09:27:42.400 [DEBUG] W.l.GenLog - Time: 396s, User: 14309
09:27:54.464 [DEBUG] W.l.GenLog - Time: 408s, User: 14135
09:28:06.387 [DEBUG] W.l.GenLog - Time: 420s, User: 14088
09:28:18.392 [DEBUG] W.l.GenLog - Time: 432s, User: 14063
09:28:30.408 [DEBUG] W.l.GenLog - Time: 444s, User: 14006
09:28:42.383 [DEBUG] W.l.GenLog - Time: 456s, User: 14089
09:28:54.463 [DEBUG] W.l.GenLog - Time: 468s, User: 14047
09:29:06.396 [DEBUG] W.l.GenLog - Time: 480s, User: 13925
09:29:18.380 [DEBUG] W.l.GenLog - Time: 492s, User: 13914
09:29:30.389 [DEBUG] W.l.GenLog - Time: 504s, User: 13953
09:29:42.397 [DEBUG] W.l.GenLog - Time: 516s, User: 14029
09:29:54.429 [DEBUG] W.l.GenLog - Time: 528s, User: 14084
09:30:06.408 [DEBUG] W.l.GenLog - Time: 540s, User: 13999
09:30:18.418 [DEBUG] W.l.GenLog - Time: 552s, User: 13994
09:30:34.810 [INFO ] W.l.GenLog - Time: 0s, User: 14048
09:30:46.818 [DEBUG] W.l.GenLog - Time: 12s, User: 13864
09:30:58.871 [DEBUG] W.l.GenLog - Time: 24s, User: 13857
09:31:10.759 [INFO ] W.l.GenLog - Time: 36s, User: 13868
09:31:22.805 [DEBUG] W.l.GenLog - Time: 48s, User: 13844
09:31:34.783 [DEBUG] W.l.GenLog - Time: 60s, User: 13828
09:31:47.415 [DEBUG] W.l.GenLog - Time: 72s, User: 13699
09:31:48.826 [INFO ] W.l.GenLog - Time: 74s, User: 13764
09:31:56.770 [INFO ] W.l.GenLog - Time: 82s, User: 13784
09:32:04.771 [INFO ] W.l.GenLog - Time: 90s, User: 13814
09:32:16.780 [DEBUG] W.l.GenLog - Time: 102s, User: 13807
09:32:28.796 [DEBUG] W.l.GenLog - Time: 114s, User: 13827
09:32:40.773 [DEBUG] W.l.GenLog - Time: 126s, User: 13802
09:32:50.782 [INFO ] W.l.GenLog - Time: 136s, User: 13820
09:33:02.763 [DEBUG] W.l.GenLog - Time: 148s, User: 13802
09:33:14.777 [DEBUG] W.l.GenLog - Time: 160s, User: 13676
09:33:26.779 [DEBUG] W.l.GenLog - Time: 172s, User: 13723
09:33:28.782 [INFO ] W.l.GenLog - Time: 174s, User: 13774
09:33:40.763 [DEBUG] W.l.GenLog - Time: 186s, User: 13780
09:33:42.749 [INFO ] W.l.GenLog - Time: 188s, User: 13812
09:33:54.758 [DEBUG] W.l.GenLog - Time: 200s, User: 13820
09:33:58.816 [INFO ] W.l.GenLog - Time: 204s, User: 13833
09:34:10.807 [INFO ] W.l.GenLog - Time: 216s, User: 13866
09:34:22.760 [DEBUG] W.l.GenLog - Time: 228s, User: 13913
09:34:34.829 [DEBUG] W.l.GenLog - Time: 240s, User: 13865
09:34:46.768 [DEBUG] W.l.GenLog - Time: 252s, User: 13885
09:34:54.778 [INFO ] W.l.GenLog - Time: 260s, User: 13901
09:34:56.790 [INFO ] W.l.GenLog - Time: 262s, User: 13932
09:35:08.871 [DEBUG] W.l.GenLog - Time: 274s, User: 13939
09:35:20.768 [DEBUG] W.l.GenLog - Time: 286s, User: 13927
09:35:32.828 [DEBUG] W.l.GenLog - Time: 298s, User: 13850
09:35:44.798 [DEBUG] W.l.GenLog - Time: 310s, User: 13774
09:35:46.785 [INFO ] W.l.GenLog - Time: 312s, User: 13777
09:35:48.817 [INFO ] W.l.GenLog - Time: 314s, User: 13783
09:35:50.807 [INFO ] W.l.GenLog - Time: 316s, User: 13802
09:35:58.851 [INFO ] W.l.GenLog - Time: 324s, User: 13750
09:36:10.818 [DEBUG] W.l.GenLog - Time: 336s, User: 13717
09:36:12.797 [INFO ] W.l.GenLog - Time: 338s, User: 13725
09:36:24.768 [DEBUG] W.l.GenLog - Time: 350s, User: 13699
09:36:36.761 [DEBUG] W.l.GenLog - Time: 362s, User: 13692
09:36:44.866 [INFO ] W.l.GenLog - Time: 370s, User: 13761
09:36:56.795 [INFO ] W.l.GenLog - Time: 382s, User: 13795
09:37:08.787 [DEBUG] W.l.GenLog - Time: 394s, User: 13787
09:37:20.775 [DEBUG] W.l.GenLog - Time: 406s, User: 13788
09:37:32.782 [DEBUG] W.l.GenLog - Time: 418s, User: 13758
09:37:36.776 [INFO ] W.l.GenLog - Time: 422s, User: 13799
09:37:48.829 [DEBUG] W.l.GenLog - Time: 434s, User: 13726
09:37:54.750 [INFO ] W.l.GenLog - Time: 440s, User: 13793
09:38:06.785 [INFO ] W.l.GenLog - Time: 452s, User: 13783
09:38:18.760 [DEBUG] W.l.GenLog - Time: 464s, User: 13740
09:38:20.767 [INFO ] W.l.GenLog - Time: 466s, User: 13750
09:38:30.753 [INFO ] W.l.GenLog - Time: 476s, User: 13746
09:38:34.754 [INFO ] W.l.GenLog - Time: 480s, User: 13815
09:38:46.868 [INFO ] W.l.GenLog - Time: 492s, User: 13811
09:38:58.779 [DEBUG] W.l.GenLog - Time: 504s, User: 13831
09:39:10.768 [DEBUG] W.l.GenLog - Time: 516s, User: 13865
09:39:16.777 [INFO ] W.l.GenLog - Time: 522s, User: 13807
09:39:22.778 [INFO ] W.l.GenLog - Time: 528s, User: 13866
09:39:28.820 [INFO ] W.l.GenLog - Time: 534s, User: 13801
09:39:40.812 [DEBUG] W.l.GenLog - Time: 546s, User: 13762
09:39:52.764 [DEBUG] W.l.GenLog - Time: 558s, User: 13786
09:39:54.800 [INFO ] W.l.GenLog - Time: 560s, User: 13851
09:39:58.780 [INFO ] W.l.GenLog - Time: 564s, User: 13847
09:40:10.776 [DEBUG] W.l.GenLog - Time: 576s, User: 13845
09:40:22.770 [DEBUG] W.l.GenLog - Time: 588s, User: 13850
09:40:34.861 [INFO ] W.l.GenLog - Time: 600s, User: 13846
09:40:38.808 [INFO ] W.l.GenLog - Time: 604s, User: 13884
09:40:40.779 [INFO ] W.l.GenLog - Time: 606s, User: 13896
09:40:42.800 [INFO ] W.l.GenLog - Time: 608s, User: 13914
09:40:54.783 [DEBUG] W.l.GenLog - Time: 620s, User: 13885
09:41:04.755 [INFO ] W.l.GenLog - Time: 630s, User: 13922
09:41:10.751 [INFO ] W.l.GenLog - Time: 636s, User: 13930
09:41:22.773 [INFO ] W.l.GenLog - Time: 648s, User: 13930
09:41:34.780 [INFO ] W.l.GenLog - Time: 660s, User: 13937
09:41:46.789 [DEBUG] W.l.GenLog - Time: 672s, User: 13932
09:41:50.764 [INFO ] W.l.GenLog - Time: 676s, User: 13932
09:41:52.873 [INFO ] W.l.GenLog - Time: 678s, User: 13945
09:41:54.829 [INFO ] W.l.GenLog - Time: 680s, User: 13981
09:42:07.543 [DEBUG] W.l.GenLog - Time: 692s, User: 13942
09:42:16.817 [INFO ] W.l.GenLog - Time: 702s, User: 13910
09:42:18.758 [INFO ] W.l.GenLog - Time: 704s, User: 13949
09:42:30.783 [DEBUG] W.l.GenLog - Time: 716s, User: 13952
09:42:42.817 [DEBUG] W.l.GenLog - Time: 728s, User: 13803
09:42:54.792 [DEBUG] W.l.GenLog - Time: 740s, User: 13710
09:43:00.794 [INFO ] W.l.GenLog - Time: 746s, User: 13680
09:43:06.775 [INFO ] W.l.GenLog - Time: 752s, User: 13715
09:43:08.794 [INFO ] W.l.GenLog - Time: 754s, User: 13849
09:43:16.781 [INFO ] W.l.GenLog - Time: 762s, User: 13894
09:43:20.809 [INFO ] W.l.GenLog - Time: 766s, User: 13918
09:43:26.841 [INFO ] W.l.GenLog - Time: 772s, User: 13908
09:43:38.774 [DEBUG] W.l.GenLog - Time: 784s, User: 13923
09:43:40.778 [INFO ] W.l.GenLog - Time: 786s, User: 13919
09:43:46.806 [INFO ] W.l.GenLog - Time: 792s, User: 13885
09:43:58.759 [DEBUG] W.l.GenLog - Time: 804s, User: 13886
09:44:00.799 [INFO ] W.l.GenLog - Time: 806s, User: 13907
09:44:06.771 [INFO ] W.l.GenLog - Time: 812s, User: 13901
09:44:18.834 [DEBUG] W.l.GenLog - Time: 824s, User: 13953
09:44:22.849 [INFO ] W.l.GenLog - Time: 828s, User: 13907
09:44:35.494 [DEBUG] W.l.GenLog - Time: 840s, User: 13900
09:44:46.763 [DEBUG] W.l.GenLog - Time: 852s, User: 13955
09:44:58.761 [DEBUG] W.l.GenLog - Time: 864s, User: 13943
09:45:02.782 [INFO ] W.l.GenLog - Time: 868s, User: 13956
09:45:14.776 [DEBUG] W.l.GenLog - Time: 880s, User: 13754
09:45:26.772 [INFO ] W.l.GenLog - Time: 892s, User: 13777
09:45:36.778 [INFO ] W.l.GenLog - Time: 902s, User: 13800
09:45:38.789 [INFO ] W.l.GenLog - Time: 904s, User: 13833
09:45:40.774 [INFO ] W.l.GenLog - Time: 906s, User: 13858
09:45:52.784 [DEBUG] W.l.GenLog - Time: 918s, User: 13715
09:46:04.767 [INFO ] W.l.GenLog - Time: 930s, User: 13709
09:46:08.764 [INFO ] W.l.GenLog - Time: 934s, User: 13743
10:02:36.280 [INFO ] W.l.GenLog - Time: 0s, User: 13389
10:02:48.030 [DEBUG] W.l.GenLog - Time: 12s, User: 13404
10:03:00.067 [DEBUG] W.l.GenLog - Time: 24s, User: 13357
10:03:12.039 [DEBUG] W.l.GenLog - Time: 36s, User: 13359
10:03:24.020 [DEBUG] W.l.GenLog - Time: 48s, User: 13342
10:03:36.148 [DEBUG] W.l.GenLog - Time: 60s, User: 13304
10:03:48.044 [DEBUG] W.l.GenLog - Time: 72s, User: 13314
10:04:00.026 [DEBUG] W.l.GenLog - Time: 84s, User: 13322
10:04:12.034 [DEBUG] W.l.GenLog - Time: 96s, User: 13358
09:37:30.403 [INFO ] W.l.GenLog - Time: 0s, User: 14279
09:37:42.337 [DEBUG] W.l.GenLog - Time: 12s, User: 14271
09:37:54.360 [DEBUG] W.l.GenLog - Time: 24s, User: 14274
